**
(main_acta.tex
LaTeX2e <2021-11-15> patch level 1
L3 programming layer <2022-02-24> (edpsci.cls
Document Class: edpsci 2024/04/05 v1.1 
LaTeX document class for Journals of edp sciences
\logodepth=\dimen138
\headerboxheight=\dimen139
\betweenumberspace=\dimen140
\aftertext=\dimen141
\headlineindent=\dimen142
(xcolor.sty
Package: xcolor 2021/10/31 v2.13 LaTeX color extensions (UK)
 (color.cfg
File: color.cfg 2016/01/02 v1.6 sample color configuration
)
Package xcolor Info: Driver file: xetex.def on input line 227.
 (xetex.def
File: xetex.def 2021/03/18 v5.0k Graphics/color driver for xetex
)
Package xcolor Info: Model `cmy' substituted by `cmy0' on input line 1352.
Package xcolor Info: Model `RGB' extended on input line 1368.
Package xcolor Info: Model `HTML' substituted by `rgb' on input line 1370.
Package xcolor Info: Model `Hsb' substituted by `hsb' on input line 1371.
Package xcolor Info: Model `tHsb' substituted by `hsb' on input line 1372.
Package xcolor Info: Model `HSB' substituted by `hsb' on input line 1373.
Package xcolor Info: Model `Gray' substituted by `gray' on input line 1374.
Package xcolor Info: Model `wave' substituted by `hsb' on input line 1375.
)
\c@inst=\count181
\c@auth=\count182
\instindent=\dimen143
\authrun=\box50
\authorrunning=\toks16
\titrun=\box51
\titlerunning=\toks17
\number@fw@rds=\count183
\c@section=\count184
\c@subsection=\count185
\c@subsubsection=\count186
\c@paragraph=\count187
\c@subparagraph=\count188
\c@theorem=\count189
\figgap=\dimen144
\c@append=\count190
\c@figure=\count191
\c@table=\count192
\abovecaptionskip=\skip47
\belowcaptionskip=\skip48
\figcapgap=\dimen145
\tabcapgap=\dimen146
\bibindent=\dimen147
 (xparse.sty (expl3.sty
Package: expl3 2022-02-24 L3 programming layer (loader) 

(l3backend-xetex.def
File: l3backend-xetex.def 2022-02-07 L3 backend support: XeTeX
\c__kernel_sys_dvipdfmx_version_int=\count193
\l__color_backend_stack_int=\count194
\g__color_backend_stack_int=\count195
\g__graphics_track_int=\count196
\l__pdf_internal_box=\box52
\g__pdf_backend_object_int=\count197
\g__pdf_backend_annotation_int=\count198
\g__pdf_backend_link_int=\count199
))
Package: xparse 2022-01-12 L3 Experimental document command parser
) (pgffor.sty (pgfrcs.sty (pgfutil-common.tex
\pgfutil@everybye=\toks18
\pgfutil@tempdima=\dimen148
\pgfutil@tempdimb=\dimen149

(pgfutil-common-lists.tex)) (pgfutil-latex.def
\pgfutil@abb=\box53
) (pgfrcs.code.tex
(pgf.revision.tex)
Package: pgfrcs 2021/05/15 v3.1.9a (3.1.9a)
)) (pgfkeys.sty (pgfkeys.code.tex
\pgfkeys@pathtoks=\toks19
\pgfkeys@temptoks=\toks20
 (pgfkeysfiltered.code.tex
\pgfkeys@tmptoks=\toks21
))) (pgfmath.sty (pgfmath.code.tex (pgfmathcalc.code.tex (pgfmathutil.code.tex
\pgf@x=\dimen150
\pgf@xa=\dimen151
\pgf@xb=\dimen152
\pgf@xc=\dimen153
\pgf@y=\dimen154
\pgf@ya=\dimen155
\pgf@yb=\dimen156
\pgf@yc=\dimen157
\c@pgf@counta=\count266
\c@pgf@countb=\count267
\c@pgf@countc=\count268
\c@pgf@countd=\count269
)
(pgfmathparser.code.tex
\pgfmath@dimen=\dimen158
\pgfmath@count=\count270
\pgfmath@box=\box54
\pgfmath@toks=\toks22
\pgfmath@stack@operand=\toks23
\pgfmath@stack@operation=\toks24
) (pgfmathfunctions.code.tex
(pgfmathfunctions.basic.code.tex) (pgfmathfunctions.trigonometric.code.tex)
(pgfmathfunctions.random.code.tex) (pgfmathfunctions.comparison.code.tex)
(pgfmathfunctions.base.code.tex) (pgfmathfunctions.round.code.tex)
(pgfmathfunctions.misc.code.tex) (pgfmathfunctions.integerarithmetics.code.tex)
)) (pgfmathfloat.code.tex
\c@pgfmathroundto@lastzeros=\count271
))) (pgffor.code.tex
Package: pgffor 2021/05/15 v3.1.9a (3.1.9a)
 (pgfmath.code.tex)
\pgffor@iter=\dimen159
\pgffor@skip=\dimen160
\pgffor@stack=\toks25
\pgffor@toks=\toks26
)) (xstring.sty (xstring.tex
\integerpart=\count272
\decimalpart=\count273
)
Package: xstring 2021/07/21 v1.84 String manipulations (CT)
)
\c@instsep=\count274
 (indentfirst.sty
Package: indentfirst 1995/11/23 v1.03 Indent first paragraph (DPC)
)) (amsmath.sty
Package: amsmath 2021/10/15 v2.17l AMS math features
\@mathmargin=\skip49

For additional information on amsmath, use the `?' option.
(amstext.sty
Package: amstext 2021/08/26 v2.01 AMS text
 (amsgen.sty
File: amsgen.sty 1999/11/30 v2.0 generic functions
\@emptytoks=\toks27
\ex@=\dimen161
)) (amsbsy.sty
Package: amsbsy 1999/11/29 v1.2d Bold Symbols
\pmbraise@=\dimen162
) (amsopn.sty
Package: amsopn 2021/08/26 v2.02 operator names
)
\inf@bad=\count275
LaTeX Info: Redefining \frac on input line 234.
\uproot@=\count276
\leftroot@=\count277
LaTeX Info: Redefining \overline on input line 399.
\classnum@=\count278
\DOTSCASE@=\count279
LaTeX Info: Redefining \ldots on input line 496.
LaTeX Info: Redefining \dots on input line 499.
LaTeX Info: Redefining \cdots on input line 620.
\Mathstrutbox@=\box55
\strutbox@=\box56
\big@size=\dimen163
LaTeX Font Info:    Redeclaring font encoding OML on input line 743.
LaTeX Font Info:    Redeclaring font encoding OMS on input line 744.
\macc@depth=\count280
\c@MaxMatrixCols=\count281
\dotsspace@=\muskip16
\c@parentequation=\count282
\dspbrk@lvl=\count283
\tag@help=\toks28
\row@=\count284
\column@=\count285
\maxfields@=\count286
\andhelp@=\toks29
\eqnshift@=\dimen164
\alignsep@=\dimen165
\tagshift@=\dimen166
\tagwidth@=\dimen167
\totwidth@=\dimen168
\lineht@=\dimen169
\@envbody=\toks30
\multlinegap=\skip50
\multlinetaggap=\skip51
\mathdisplay@stack=\toks31
LaTeX Info: Redefining \[ on input line 2938.
LaTeX Info: Redefining \] on input line 2939.
) (amssymb.sty
Package: amssymb 2013/01/14 v3.01 AMS font symbols

(amsfonts.sty
Package: amsfonts 2013/01/14 v3.01 Basic AMSFonts support
\symAMSa=\mathgroup4
\symAMSb=\mathgroup5
LaTeX Font Info:    Redeclaring math symbol \hbar on input line 98.
LaTeX Font Info:    Overwriting math alphabet `\mathfrak' in version `bold'
(Font)                  U/euf/m/n --> U/euf/b/n on input line 106.
)) (graphicx.sty
Package: graphicx 2021/09/16 v1.2d Enhanced LaTeX Graphics (DPC,SPQR)
 (keyval.sty
Package: keyval 2014/10/28 v1.15 key=value parser (DPC)
\KV@toks@=\toks32
) (graphics.sty
Package: graphics 2021/03/04 v1.4d Standard LaTeX Graphics (DPC,SPQR)
 (trig.sty
Package: trig 2021/08/11 v1.11 sin cos tan (DPC)
)
(graphics.cfg
File: graphics.cfg 2016/06/04 v1.11 sample graphics configuration
)
Package graphics Info: Driver file: xetex.def on input line 107.
)
\Gin@req@height=\dimen170
\Gin@req@width=\dimen171
) (booktabs.sty
Package: booktabs 2020/01/12 v1.61803398 Publication quality tables
\heavyrulewidth=\dimen172
\lightrulewidth=\dimen173
\cmidrulewidth=\dimen174
\belowrulesep=\dimen175
\belowbottomsep=\dimen176
\aboverulesep=\dimen177
\abovetopsep=\dimen178
\cmidrulesep=\dimen179
\cmidrulekern=\dimen180
\defaultaddspace=\dimen181
\@cmidla=\count287
\@cmidlb=\count288
\@aboverulesep=\dimen182
\@belowrulesep=\dimen183
\@thisruleclass=\count289
\@lastruleclass=\count290
\@thisrulewidth=\dimen184
) (microtype.sty
Package: microtype 2022/03/14 v3.0d Micro-typographical refinements (RS)
 (etoolbox.sty
Package: etoolbox 2020/10/05 v2.5k e-TeX tools for LaTeX (JAW)
\etb@tempcnta=\count291
)
\MT@toks=\toks33
\MT@tempbox=\box57
\MT@count=\count292
LaTeX Info: Redefining \noprotrusionifhmode on input line 1027.
LaTeX Info: Redefining \leftprotrusion on input line 1028.
LaTeX Info: Redefining \rightprotrusion on input line 1036.
LaTeX Info: Redefining \textls on input line 1195.
\MT@outer@kern=\dimen185
LaTeX Info: Redefining \textmicrotypecontext on input line 1781.
\MT@listname@count=\count293

(microtype-xetex.def
File: microtype-xetex.def 2022/03/14 v3.0d Definitions specific to xetex (RS)
LaTeX Info: Redefining \lsstyle on input line 236.
)
Package microtype Info: Loading configuration file microtype.cfg.
 (microtype.cfg
File: microtype.cfg 2022/03/14 v3.0d microtype main configuration file (RS)
)) (lineno.sty
Package: lineno 2005/11/02 line numbers on paragraphs v4.41
Invalid UTF-8 byte or sequence at line 296 replaced by U+FFFD.
\linenopenalty=\count294
\output=\toks34
\linenoprevgraf=\count295
\linenumbersep=\dimen186
\linenumberwidth=\dimen187
\c@linenumber=\count296
\c@pagewiselinenumber=\count297
\c@LN@truepage=\count298
\c@internallinenumber=\count299
\c@internallinenumbers=\count300
\quotelinenumbersep=\dimen188
\bframerule=\dimen189
\bframesep=\dimen190
\bframebox=\box58
LaTeX Info: Redefining \\ on input line 3056.
) (natbib.sty
Package: natbib 2010/09/13 8.31b (PWD, AO)
\bibhang=\skip52
\bibsep=\skip53
LaTeX Info: Redefining \cite on input line 694.
\c@NAT@ctr=\count301
) (hyperref.sty
Package: hyperref 2022-02-21 v7.00n Hypertext links for LaTeX

(ltxcmds.sty
Package: ltxcmds 2020-05-10 v1.25 LaTeX kernel commands for general use (HO)
) (iftex.sty
Package: iftex 2022/02/03 v1.0f TeX engine tests
) (pdftexcmds.sty
Package: pdftexcmds 2020-06-27 v0.33 Utility functions of pdfTeX for LuaTeX (HO
)
 (infwarerr.sty
Package: infwarerr 2019/12/03 v1.5 Providing info/warning/error messages (HO)
)
Package pdftexcmds Info: \pdf@primitive is available.
Package pdftexcmds Info: \pdf@ifprimitive is available.
Package pdftexcmds Info: \pdfdraftmode not found.
) (kvsetkeys.sty
Package: kvsetkeys 2019/12/15 v1.18 Key value parser (HO)
)
(kvdefinekeys.sty
Package: kvdefinekeys 2019-12-19 v1.6 Define keys (HO)
) (pdfescape.sty
Package: pdfescape 2019/12/09 v1.15 Implements pdfTeX's escape features (HO)
) (hycolor.sty
Package: hycolor 2020-01-27 v1.10 Color options for hyperref/bookmark (HO)
) (letltxmacro.sty
Package: letltxmacro 2019/12/03 v1.6 Let assignment for LaTeX macros (HO)
) (auxhook.sty
Package: auxhook 2019-12-17 v1.6 Hooks for auxiliary files (HO)
) (kvoptions.sty
Package: kvoptions 2020-10-07 v3.14 Key value format for package options (HO)
)
\@linkdim=\dimen191
\Hy@linkcounter=\count302
\Hy@pagecounter=\count303
 (pd1enc.def
File: pd1enc.def 2022-02-21 v7.00n Hyperref: PDFDocEncoding definition (HO)
) (intcalc.sty
Package: intcalc 2019/12/15 v1.3 Expandable calculations with integers (HO)
) (etexcmds.sty
Package: etexcmds 2019/12/15 v1.7 Avoid name clashes with e-TeX commands (HO)
)
\Hy@SavedSpaceFactor=\count304
 (puenc.def
File: puenc.def 2022-02-21 v7.00n Hyperref: PDF Unicode definition (HO)
)
Package hyperref Info: Hyper figures OFF on input line 4137.
Package hyperref Info: Link nesting OFF on input line 4142.
Package hyperref Info: Hyper index ON on input line 4145.
Package hyperref Info: Plain pages OFF on input line 4152.
Package hyperref Info: Backreferencing OFF on input line 4157.
Package hyperref Info: Implicit mode ON; LaTeX internals redefined.
Package hyperref Info: Bookmarks ON on input line 4390.
\c@Hy@tempcnt=\count305

(url.sty
\Urlmuskip=\muskip17
Package: url 2013/09/16  ver 3.4  Verb mode for urls, etc.
)
LaTeX Info: Redefining \url on input line 4749.
\XeTeXLinkMargin=\dimen192
 (bitset.sty
Package: bitset 2019/12/09 v1.3 Handle bit-vector datatype (HO)
 (bigintcalc.sty
Package: bigintcalc 2019/12/15 v1.5 Expandable calculations on big integers (HO
)
))
\Fld@menulength=\count306
\Field@Width=\dimen193
\Fld@charsize=\dimen194
Package hyperref Info: Hyper figures OFF on input line 6027.
Package hyperref Info: Link nesting OFF on input line 6032.
Package hyperref Info: Hyper index ON on input line 6035.
Package hyperref Info: backreferencing OFF on input line 6042.
Package hyperref Info: Link coloring OFF on input line 6047.
Package hyperref Info: Link coloring with OCG OFF on input line 6052.
Package hyperref Info: PDF/A mode OFF on input line 6057.
LaTeX Info: Redefining \ref on input line 6097.
LaTeX Info: Redefining \pageref on input line 6101.
 (atbegshi-ltx.sty
Package: atbegshi-ltx 2021/01/10 v1.0c Emulation of the original atbegshi
package with kernel methods
)
\Hy@abspage=\count307
\c@Item=\count308
\c@Hfootnote=\count309
)
Package hyperref Info: Driver (autodetected): hxetex.
 (hxetex.def
File: hxetex.def 2022-02-21 v7.00n Hyperref driver for XeTeX

(stringenc.sty
Package: stringenc 2019/11/29 v1.12 Convert strings between diff. encodings (HO
)
)
\pdfm@box=\box59
\c@Hy@AnnotLevel=\count310
\HyField@AnnotCount=\count311
\Fld@listcount=\count312
\c@bookmark@seq@number=\count313
 (rerunfilecheck.sty
Package: rerunfilecheck 2019/12/05 v1.9 Rerun checks for auxiliary files (HO)
 (atveryend-ltx.sty
Package: atveryend-ltx 2020/08/19 v1.0a Emulation of the original atveryend pac
kage
with kernel methods
) (uniquecounter.sty
Package: uniquecounter 2019/12/15 v1.4 Provide unlimited unique counter (HO)
)
Package uniquecounter Info: New unique counter `rerunfilecheck' on input line 2
86.
)
\Hy@SectionHShift=\skip54
)
Package hyperref Info: Option `colorlinks' set `true' on input line 10.

(main_acta.aux)
\openout1 = `main_acta.aux'.

LaTeX Font Info:    Checking defaults for OML/cmm/m/it on input line 24.
LaTeX Font Info:    ... okay on input line 24.
LaTeX Font Info:    Checking defaults for OMS/cmsy/m/n on input line 24.
LaTeX Font Info:    ... okay on input line 24.
LaTeX Font Info:    Checking defaults for OT1/cmr/m/n on input line 24.
LaTeX Font Info:    ... okay on input line 24.
LaTeX Font Info:    Checking defaults for T1/cmr/m/n on input line 24.
LaTeX Font Info:    ... okay on input line 24.
LaTeX Font Info:    Checking defaults for TS1/cmr/m/n on input line 24.
LaTeX Font Info:    Trying to load font information for TS1+cmr on input line 2
4.
 (ts1cmr.fd
File: ts1cmr.fd 2019/12/16 v2.5j Standard LaTeX font definitions
)
LaTeX Font Info:    ... okay on input line 24.
LaTeX Font Info:    Checking defaults for TU/lmr/m/n on input line 24.
LaTeX Font Info:    ... okay on input line 24.
LaTeX Font Info:    Checking defaults for OMX/cmex/m/n on input line 24.
LaTeX Font Info:    ... okay on input line 24.
LaTeX Font Info:    Checking defaults for U/cmr/m/n on input line 24.
LaTeX Font Info:    ... okay on input line 24.
LaTeX Font Info:    Checking defaults for PD1/pdf/m/n on input line 24.
LaTeX Font Info:    ... okay on input line 24.
LaTeX Font Info:    Checking defaults for PU/pdf/m/n on input line 24.
LaTeX Font Info:    ... okay on input line 24.
LaTeX Info: Redefining \microtypecontext on input line 24.
Package microtype Info: Applying patch `item' on input line 24.
Package microtype Info: Applying patch `toc' on input line 24.
Package microtype Info: Applying patch `eqnum' on input line 24.
Package microtype Info: Applying patch `footnote' on input line 24.
Package microtype Info: Character protrusion enabled (level 2).
Package microtype Info: Using default protrusion set `alltext'.
Package microtype Info: No adjustment of tracking.
Package microtype Info: No adjustment of spacing.
Package microtype Info: No adjustment of kerning.
 (mt-LatinModernRoman.cfg
File: mt-LatinModernRoman.cfg 2021/02/21 v1.1 microtype config. file: Latin Mod
ern Roman (RS)
)
Package hyperref Info: Link coloring ON on input line 24.
 (nameref.sty
Package: nameref 2021-04-02 v2.47 Cross-referencing by name of section

(refcount.sty
Package: refcount 2019/12/15 v3.6 Data extraction from label references (HO)
) (gettitlestring.sty
Package: gettitlestring 2019/12/15 v1.6 Cleanup title references (HO)
)
\c@section@level=\count314
)
LaTeX Info: Redefining \ref on input line 24.
LaTeX Info: Redefining \pageref on input line 24.
LaTeX Info: Redefining \nameref on input line 24.
 (main_acta.out) (main_acta.out)
\@outlinefile=\write3
\openout3 = `main_acta.out'.


(mt-cmr.cfg
File: mt-cmr.cfg 2013/05/19 v2.2 microtype config. file: Computer Modern Roman 
(RS)
)
LaTeX Font Info:    Trying to load font information for U+msa on input line 34.

 (umsa.fd
File: umsa.fd 2013/01/14 v3.01 AMS symbols A
) (mt-msa.cfg
File: mt-msa.cfg 2006/02/04 v1.1 microtype config. file: AMS symbols (a) (RS)
)
LaTeX Font Info:    Trying to load font information for U+msb on input line 34.

 (umsb.fd
File: umsb.fd 2013/01/14 v3.01 AMS symbols B
) (mt-msb.cfg
File: mt-msb.cfg 2005/06/01 v1.0 microtype config. file: AMS symbols (b) (RS)
)
Package microtype Info: Loading generic protrusion settings for font family
(microtype)             `lmss' (encoding: TU).
(microtype)             For optimal results, create family-specific settings.
(microtype)             See the microtype manual for details.

Underfull \hbox (badness 1014) in paragraph at lines 44--45
\TU/lmr/m/n/10 delay estimator [[]], and GCC-PHAT has previously
 []

[1


]
File: figures/fig1_geometry_controls.pdf Graphic file (type pdf)
<use figures/fig1_geometry_controls.pdf>
 [2] [3]
Underfull \hbox (badness 10000) in paragraph at lines 215--216
[]\TU/lmr/m/n/10 A separate direct-path calculation compares
 []


Underfull \hbox (badness 1389) in paragraph at lines 215--216
\TU/lmr/m/n/10 continuous-time harmonic signals against a sampled
 []


Underfull \hbox (badness 4543) in paragraph at lines 215--216
\TU/lmr/m/n/10 fractional-delay filter. Within each filter-refinement
 []


Underfull \hbox (badness 1067) in paragraph at lines 215--216
\TU/lmr/m/n/10 constructing the signal from those introduced while
 []


Underfull \hbox (badness 3439) in paragraph at lines 252--253
\TU/lmr/m/n/10 array with the nominal 0.15-s setting. The high-
 []

[4]
Underfull \hbox (badness 10000) in paragraph at lines 262--263
[]\TU/lmr/m/n/10 I include steered-response power with phase-
 []


Underfull \hbox (badness 3250) in paragraph at lines 262--263
\TU/lmr/m/n/10 transform weighting (SRP-PHAT) as a second lo-
 []

[5]
Underfull \hbox (badness 4108) in paragraph at lines 339--341
\TU/lmr/m/n/10 The circular mean avoids a discontinuity at the
 []

[6]
File: figures//fig2_numerical_verification.pdf Graphic file (type pdf)
<use figures//fig2_numerical_verification.pdf>
File: figures//fig3_core_rooms.pdf Graphic file (type pdf)
<use figures//fig3_core_rooms.pdf>

Underfull \hbox (badness 1776) in paragraph at lines 427--428
\OT1/cmr/m/n/10 4\OML/cmm/m/it/10 :\OT1/cmr/m/n/10 438 [][]$ $[4\OML/cmm/m/it/1
0 :\OT1/cmr/m/n/10 380\OML/cmm/m/it/10 ; \OT1/cmr/m/n/10 4\OML/cmm/m/it/10 :\OT
1/cmr/m/n/10 493] [][]$\TU/lmr/m/n/10 . The difference survives
 []


Underfull \hbox (badness 2088) in paragraph at lines 429--430
\TU/lmr/m/n/10 for fractional arrivals and $\OT1/cmr/m/n/10 28\OML/cmm/m/it/10 
:\OT1/cmr/m/n/10 112[]$ \TU/lmr/m/n/10 for rounded ar-
 []


Underfull \hbox (badness 2277) in paragraph at lines 437--438
[]\TU/lmr/m/n/10 Across all 72 scenes and 32 frames with frac-
 []


Underfull \hbox (badness 2512) in paragraph at lines 437--438
\TU/lmr/m/n/10 error by $\OT1/cmr/m/n/10 42\OML/cmm/m/it/10 :\OT1/cmr/m/n/10 79
8 [][]$\TU/lmr/m/n/10 , with a reduction interval of
 []


Underfull \hbox (badness 10000) in paragraph at lines 439--440
[]\TU/lmr/m/n/10 Using the complete factorial dataset, the
 []


Underfull \hbox (badness 10000) in paragraph at lines 439--440
\TU/lmr/m/n/10 onset-by-reflection interaction was $\OMS/cmsy/m/n/10 ^^@\OT1/cm
r/m/n/10 49\OML/cmm/m/it/10 :\OT1/cmr/m/n/10 046 [][]$
 []


Underfull \hbox (badness 3168) in paragraph at lines 439--440
\OT1/cmr/m/n/10 [\OMS/cmsy/m/n/10 ^^@\OT1/cmr/m/n/10 65\OML/cmm/m/it/10 :\OT1/c
mr/m/n/10 574\OML/cmm/m/it/10 ; \OMS/cmsy/m/n/10 ^^@\OT1/cmr/m/n/10 32\OML/cmm/
m/it/10 :\OT1/cmr/m/n/10 891] [][]$ \TU/lmr/m/n/10 after averaging equally over

 []


Underfull \hbox (badness 5245) in paragraph at lines 439--440
\TU/lmr/m/n/10 fractional and rounded arrivals. The rounding-by-
 []

File: figures//fig4_paired_attribution.pdf Graphic file (type pdf)
<use figures//fig4_paired_attribution.pdf>
[7]
Underfull \hbox (badness 1603) in paragraph at lines 467--468
\TU/lmr/m/n/10 the independent test recordings (Figure [][]5[][]). In the
 []


Underfull \hbox (badness 1424) in paragraph at lines 467--468
\TU/lmr/m/n/10 low-reverberation/centred subset, it fell from $\OT1/cmr/m/n/10 
1\OML/cmm/m/it/10 :\OT1/cmr/m/n/10 597[]$
 []

[8]
File: figures//fig5_heldout_averaging.pdf Graphic file (type pdf)
<use figures//fig5_heldout_averaging.pdf>
 [9]
Underfull \hbox (badness 3471) in paragraph at lines 524--525
\TU/lmr/m/n/10 recordings as GCC-PHAT. Its RMSE was higher,
 []

File: figures//fig6_precision_sensitivity.pdf Graphic file (type pdf)
<use figures//fig6_precision_sensitivity.pdf>
[10] (main_acta.bbl
Underfull \hbox (badness 10000) in paragraph at lines 16--22
[]\TU/lmr/m/n/9 Hilman Adritya H.B.B. Catur and Hendri Maja
 []


Underfull \hbox (badness 1325) in paragraph at lines 16--22
\TU/lmr/m/n/9 Saputra.  Azimuth Estimation based on Generalized
 []


Underfull \hbox (badness 10000) in paragraph at lines 16--22
\TU/lmr/m/n/9 Cross Correlation Phase Transform (GCC-PHAT)
 []


Underfull \hbox (badness 4120) in paragraph at lines 16--22
\TU/lmr/m/n/9 Using Equilateral Triangle Microphone Array.  In
 []


Underfull \hbox (badness 5050) in paragraph at lines 16--22
\TU/lmr/m/it/9 2019 International Conference on Radar, Antenna,
 []


Underfull \hbox (badness 10000) in paragraph at lines 16--22
\TU/lmr/m/it/9 Microwave, Electronics, and Telecommunications
 []


Underfull \hbox (badness 10000) in paragraph at lines 16--22
\TU/lmr/m/it/9 (ICRAMET)\TU/lmr/m/n/9 , pages 89–93. IEEE, 2019.  doi:
 []

[11]
Underfull \hbox (badness 1496) in paragraph at lines 39--45
\TU/lmr/m/n/9 Chabassier, Tom Colinot, Jean-Pierre Dalmont, Jean-
 []

) [12

] (main_acta.aux)
Package rerunfilecheck Info: File `main_acta.out' has not changed.
(rerunfilecheck)             Checksum: 4862680A32A3580F4A4C7BBBFACD0A54;5193.
 )
Output written on main_acta.xdv (12 pages, 556636 bytes).
