note: Running TeX ...
note: downloading natbib.sty
note: downloading lineno.sty
warning: lineno.sty:296: Invalid UTF-8 byte or sequence at line 296 replaced by U+FFFD.
note: downloading cmr12.tfm
note: downloading cmr8.tfm
note: downloading cmr6.tfm
note: downloading cmmi12.tfm
note: downloading cmmi8.tfm
note: downloading cmmi6.tfm
note: downloading cmsy8.tfm
note: downloading cmsy6.tfm
note: downloading cmex8.tfm
warning: main.tex:41: Underfull \vbox (badness 10000) has occurred while \output is active
warning: main.tex:49: Underfull \vbox (badness 10000) has occurred while \output is active
note: downloading cmmib10.tfm
note: downloading cmmib7.tfm
note: downloading cmmib5.tfm
note: downloading cmbsy10.tfm
note: downloading cmbsy7.tfm
note: downloading cmbsy5.tfm
note: downloading lmroman9-bold.otf
warning: main.tex:96: Underfull \hbox (badness 3514) in paragraph at lines 95--96
warning: main.tex:96: Underfull \hbox (badness 1210) in paragraph at lines 95--96
warning: main.tex:102: Underfull \hbox (badness 4120) in paragraph at lines 101--102
note: downloading cmr9.tfm
note: downloading cmmi9.tfm
note: downloading cmsy9.tfm
note: downloading cmex9.tfm
note: downloading cmbx9.tfm
note: downloading cmbx6.tfm
warning: main.tex:124: Underfull \hbox (badness 10000) in paragraph at lines 123--124
warning: main.tex:124: Underfull \hbox (badness 1742) in paragraph at lines 123--124
warning: main.tex:179: Underfull \hbox (badness 6944) in paragraph at lines 178--179
warning: main.tex:197: Underfull \hbox (badness 10000) in paragraph at lines 197--197
warning: main.tex:212: Underfull \vbox (badness 10000) has occurred while \output is active
warning: main.tex:214: Underfull \hbox (badness 1163) in paragraph at lines 213--214
warning: main.tex:214: Underfull \hbox (badness 1019) in paragraph at lines 213--214
warning: main.tex:227: Underfull \vbox (badness 10000) has occurred while \output is active
warning: main.tex:229: Underfull \vbox (badness 10000) has occurred while \output is active
warning: main.tex:234: Underfull \hbox (badness 1584) in paragraph at lines 233--234
note: Running BibTeX on main.aux ...
note: downloading unsrtnat.bst
note: Rerunning TeX because bibtex was run ...
warning: lineno.sty:296: Invalid UTF-8 byte or sequence at line 296 replaced by U+FFFD.
warning: main.tex:41: Underfull \vbox (badness 10000) has occurred while \output is active
warning: main.tex:49: Underfull \vbox (badness 10000) has occurred while \output is active
warning: main.tex:96: Underfull \hbox (badness 3514) in paragraph at lines 95--96
warning: main.tex:96: Underfull \hbox (badness 1210) in paragraph at lines 95--96
warning: main.tex:102: Underfull \hbox (badness 4120) in paragraph at lines 101--102
warning: main.tex:124: Underfull \hbox (badness 10000) in paragraph at lines 123--124
warning: main.tex:124: Underfull \hbox (badness 1742) in paragraph at lines 123--124
warning: main.tex:179: Underfull \hbox (badness 6944) in paragraph at lines 178--179
warning: main.tex:197: Underfull \hbox (badness 10000) in paragraph at lines 197--197
warning: main.tex:212: Underfull \vbox (badness 10000) has occurred while \output is active
warning: main.tex:214: Underfull \hbox (badness 1163) in paragraph at lines 213--214
warning: main.tex:214: Underfull \hbox (badness 1019) in paragraph at lines 213--214
warning: main.tex:227: Underfull \vbox (badness 10000) has occurred while \output is active
warning: main.tex:229: Underfull \vbox (badness 10000) has occurred while \output is active
warning: main.tex:234: Underfull \hbox (badness 1584) in paragraph at lines 233--234
warning: main.bbl:45: Underfull \hbox (badness 1122) in paragraph at lines 39--45
warning: main.bbl:66: Underfull \hbox (badness 2600) in paragraph at lines 61--66
warning: main.bbl:66: Underfull \hbox (badness 1668) in paragraph at lines 61--66
note: Rerunning TeX because "main.aux" changed ...
warning: lineno.sty:296: Invalid UTF-8 byte or sequence at line 296 replaced by U+FFFD.
warning: main.tex:39: Underfull \hbox (badness 2538) in paragraph at lines 38--39
warning: main.tex:41: Underfull \vbox (badness 10000) has occurred while \output is active
warning: main.tex:49: Underfull \vbox (badness 10000) has occurred while \output is active
warning: main.tex:96: Underfull \hbox (badness 3514) in paragraph at lines 95--96
warning: main.tex:96: Underfull \hbox (badness 1210) in paragraph at lines 95--96
warning: main.tex:102: Underfull \hbox (badness 4120) in paragraph at lines 101--102
warning: main.tex:124: Underfull \hbox (badness 10000) in paragraph at lines 123--124
warning: main.tex:124: Underfull \hbox (badness 1742) in paragraph at lines 123--124
warning: main.tex:179: Underfull \hbox (badness 6944) in paragraph at lines 178--179
warning: main.tex:197: Underfull \hbox (badness 10000) in paragraph at lines 197--197
warning: main.tex:212: Underfull \vbox (badness 10000) has occurred while \output is active
warning: main.tex:214: Underfull \hbox (badness 1163) in paragraph at lines 213--214
warning: main.tex:214: Underfull \hbox (badness 1019) in paragraph at lines 213--214
warning: main.tex:227: Underfull \vbox (badness 10000) has occurred while \output is active
warning: main.tex:229: Underfull \vbox (badness 10000) has occurred while \output is active
warning: main.tex:234: Underfull \hbox (badness 1584) in paragraph at lines 233--234
warning: main.bbl:45: Underfull \hbox (badness 1122) in paragraph at lines 39--45
warning: main.bbl:66: Underfull \hbox (badness 2600) in paragraph at lines 61--66
warning: main.bbl:66: Underfull \hbox (badness 1668) in paragraph at lines 61--66
warning: warnings were issued by the TeX engine; use --print and/or --keep-logs for details.
note: Running xdvipdfmx ...
note: downloading cmex10.pfb
note: downloading cmmib10.pfb
note: downloading cmmi5.pfb
note: downloading cmr9.pfb
note: downloading cmsy9.pfb
note: downloading cmmi9.pfb
note: Writing `main.pdf` (232.0517578125 KiB)
note: Writing `main.bbl` (3.2353515625 KiB)
note: Writing `main.aux` (10.4638671875 KiB)
note: Writing `main.out` (3.5087890625 KiB)
note: Writing `main.log` (18.3515625 KiB)
note: Writing `main.blg` (194 B)
