note: Running TeX ...
warning: lineno.sty:296: Invalid UTF-8 byte or sequence at line 296 replaced by U+FFFD.
warning: main.tex:39: Underfull \hbox (badness 2538) in paragraph at lines 38--39
warning: main.tex:41: Underfull \vbox (badness 10000) has occurred while \output is active
warning: main.tex:47: Underfull \vbox (badness 10000) has occurred while \output is active
warning: main.tex:96: Underfull \hbox (badness 3514) in paragraph at lines 95--96
warning: main.tex:96: Underfull \hbox (badness 1210) in paragraph at lines 95--96
warning: main.tex:102: Underfull \hbox (badness 4120) in paragraph at lines 101--102
warning: main.tex:124: Underfull \hbox (badness 10000) in paragraph at lines 123--124
warning: main.tex:124: Underfull \hbox (badness 1742) in paragraph at lines 123--124
warning: main.tex:184: Underfull \hbox (badness 6944) in paragraph at lines 183--184
note: downloading lmroman8-regular.otf
note: downloading cmbx8.tfm
warning: main.tex:204: Underfull \hbox (badness 10000) in paragraph at lines 204--204
warning: main.tex:221: Underfull \hbox (badness 1163) in paragraph at lines 220--221
warning: main.tex:221: Underfull \hbox (badness 1019) in paragraph at lines 220--221
warning: main.tex:228: Underfull \vbox (badness 10000) has occurred while \output is active
warning: main.tex:232: Underfull \vbox (badness 6510) has occurred while \output is active
warning: main.tex:239: Underfull \vbox (badness 10000) has occurred while \output is active
warning: main.tex:241: Underfull \hbox (badness 1584) in paragraph at lines 240--241
warning: main.bbl:45: Underfull \hbox (badness 1122) in paragraph at lines 39--45
warning: main.bbl:66: Underfull \hbox (badness 2600) in paragraph at lines 61--66
warning: main.bbl:66: Underfull \hbox (badness 1668) in paragraph at lines 61--66
note: Running BibTeX on main.aux ...
note: Rerunning TeX because bibtex was run ...
warning: lineno.sty:296: Invalid UTF-8 byte or sequence at line 296 replaced by U+FFFD.
warning: main.tex:39: Underfull \hbox (badness 2538) in paragraph at lines 38--39
warning: main.tex:41: Underfull \vbox (badness 10000) has occurred while \output is active
warning: main.tex:47: Underfull \vbox (badness 10000) has occurred while \output is active
warning: main.tex:96: Underfull \hbox (badness 3514) in paragraph at lines 95--96
warning: main.tex:96: Underfull \hbox (badness 1210) in paragraph at lines 95--96
warning: main.tex:102: Underfull \hbox (badness 4120) in paragraph at lines 101--102
warning: main.tex:124: Underfull \hbox (badness 10000) in paragraph at lines 123--124
warning: main.tex:124: Underfull \hbox (badness 1742) in paragraph at lines 123--124
warning: main.tex:184: Underfull \hbox (badness 6944) in paragraph at lines 183--184
warning: main.tex:204: Underfull \hbox (badness 10000) in paragraph at lines 204--204
warning: main.tex:221: Underfull \hbox (badness 1163) in paragraph at lines 220--221
warning: main.tex:221: Underfull \hbox (badness 1019) in paragraph at lines 220--221
warning: main.tex:228: Underfull \vbox (badness 10000) has occurred while \output is active
warning: main.tex:232: Underfull \vbox (badness 6510) has occurred while \output is active
warning: main.tex:239: Underfull \vbox (badness 10000) has occurred while \output is active
warning: main.tex:241: Underfull \hbox (badness 1584) in paragraph at lines 240--241
warning: main.bbl:45: Underfull \hbox (badness 1122) in paragraph at lines 39--45
warning: main.bbl:66: Underfull \hbox (badness 2600) in paragraph at lines 61--66
warning: main.bbl:66: Underfull \hbox (badness 1668) in paragraph at lines 61--66
warning: warnings were issued by the TeX engine; use --print and/or --keep-logs for details.
note: Running xdvipdfmx ...
note: downloading cmr6.pfb
note: Writing `main.log` (18.408203125 KiB)
note: Writing `main.blg` (194 B)
note: Writing `main.pdf` (240.921875 KiB)
note: Skipped writing 3 intermediate files (use --keep-intermediates to keep them)
