pilot r0p0t0a37.37 complete: T20=0.091 s, DRR=4.52 dB
pilot r0p0t0a217.37 complete: T20=0.092 s, DRR=4.49 dB
pilot r0p1t2a37.37 complete: T20=0.622 s, DRR=-7.97 dB
pilot r0p1t2a217.37 complete: T20=0.623 s, DRR=-9.06 dB
pilot r1p0t0a37.37 complete: T20=0.103 s, DRR=0.87 dB
pilot r1p0t0a217.37 complete: T20=0.102 s, DRR=0.84 dB
pilot r1p1t2a37.37 complete: T20=0.626 s, DRR=-10.45 dB
pilot r1p1t2a217.37 complete: T20=0.629 s, DRR=-9.82 dB
pilot r2p0t0a37.37 complete: T20=0.087 s, DRR=9.40 dB
pilot r2p0t0a217.37 complete: T20=0.087 s, DRR=9.39 dB
pilot r2p1t2a37.37 complete: T20=0.676 s, DRR=-5.64 dB
pilot r2p1t2a217.37 complete: T20=0.677 s, DRR=-5.70 dB
propagation32 0.010057833829364426 0
extent56 0.0041759242698447 0
correlation16 0.029282014811315094 0
{
  "elapsed_seconds": 135.88359802200011,
  "peak_memory_mib": 459.47265625,
  "primary_and_refined_evaluations": 18432,
  "frame_rows": 13824
}
