scene=0 RT=0.15 K=6 T20=0.0933 angle_delta=inf H_delta=inf seconds=0.17
scene=0 RT=0.15 K=10 T20=0.0933 angle_delta=3.4666e-05 H_delta=6.311e-06 seconds=0.17
scene=0 RT=0.15 K=14 T20=0.0933 angle_delta=4.5136e-08 H_delta=1.385e-08 seconds=0.19
reference scene=0 oversample=8 spectral=8.95754e-05 angle=8.22261e-05
reference scene=0 oversample=16 spectral=2.6527e-05 angle=4.14372e-06
reference scene=0 oversample=32 spectral=1.06692e-05 angle=6.15601e-06
scene=0 independent reference passed; selected K=14
scene=1 RT=0.60 K=6 T20=0.4847 angle_delta=inf H_delta=inf seconds=0.24
scene=1 RT=0.60 K=10 T20=0.5905 angle_delta=3.212 H_delta=0.09911 seconds=0.27
scene=1 RT=0.60 K=14 T20=0.6182 angle_delta=0.34444 H_delta=0.03245 seconds=0.29
scene=1 RT=0.60 K=18 T20=0.6207 angle_delta=0.14739 H_delta=0.01012 seconds=0.38
scene=1 RT=0.60 K=24 T20=0.6210 angle_delta=0.11787 H_delta=0.003519 seconds=0.60
scene=1 RT=0.60 K=32 T20=0.6211 angle_delta=0.031372 H_delta=0.0008828 seconds=1.08
scene=1 RT=0.60 K=40 T20=0.6211 angle_delta=0.0018781 H_delta=9.107e-05 seconds=1.72
reference scene=1 oversample=8 spectral=0.000107385 angle=0.0141173
reference scene=1 oversample=16 spectral=2.795e-05 angle=0.00358776
reference scene=1 oversample=32 spectral=1.02957e-05 angle=0.00174739
scene=1 independent reference passed; selected K=40
scene=2 RT=0.15 K=6 T20=0.1007 angle_delta=inf H_delta=inf seconds=0.20
scene=2 RT=0.15 K=10 T20=0.1007 angle_delta=9.4906e-05 H_delta=8.206e-05 seconds=0.25
scene=2 RT=0.15 K=14 T20=0.1007 angle_delta=1.7592e-06 H_delta=8.126e-07 seconds=0.30
reference scene=2 oversample=8 spectral=0.000116143 angle=3.3896e-05
reference scene=2 oversample=16 spectral=2.75441e-05 angle=1.47128e-05
reference scene=2 oversample=32 spectral=1.0681e-05 angle=2.19329e-05
scene=2 independent reference passed; selected K=14
scene=3 RT=0.60 K=6 T20=0.3985 angle_delta=inf H_delta=inf seconds=0.23
scene=3 RT=0.60 K=10 T20=0.5404 angle_delta=136.27 H_delta=0.1328 seconds=0.25
scene=3 RT=0.60 K=14 T20=0.5909 angle_delta=0.83178 H_delta=0.04502 seconds=0.29
scene=3 RT=0.60 K=18 T20=0.6024 angle_delta=0.14819 H_delta=0.01627 seconds=0.37
scene=3 RT=0.60 K=24 T20=0.6053 angle_delta=0.30346 H_delta=0.007655 seconds=0.53
scene=3 RT=0.60 K=32 T20=0.6056 angle_delta=0.016525 H_delta=0.001984 seconds=1.22
scene=3 RT=0.60 K=40 T20=0.6056 angle_delta=0.0051932 H_delta=0.0003638 seconds=2.14
Room image coverage has not converged; extend or diagnose.
