scene=0 RT=0.15 K=6 T20=0.0933 angle_delta=inf H_delta=inf seconds=0.22
scene=0 RT=0.15 K=10 T20=0.0933 angle_delta=3.4666e-05 H_delta=6.311e-06 seconds=0.26
scene=0 RT=0.15 K=14 T20=0.0933 angle_delta=4.5136e-08 H_delta=1.385e-08 seconds=0.31
reference scene=0 oversample=8 spectral=8.95754e-05 angle=8.22261e-05
reference scene=0 oversample=16 spectral=2.6527e-05 angle=4.14372e-06
reference scene=0 oversample=32 spectral=1.06692e-05 angle=6.15601e-06
scene=0 independent reference passed; selected K=14
scene=1 RT=0.60 K=6 T20=0.4847 angle_delta=inf H_delta=inf seconds=0.22
scene=1 RT=0.60 K=10 T20=0.5905 angle_delta=3.212 H_delta=0.09911 seconds=0.24
scene=1 RT=0.60 K=14 T20=0.6182 angle_delta=0.34444 H_delta=0.03245 seconds=0.29
scene=1 RT=0.60 K=18 T20=0.6207 angle_delta=0.14739 H_delta=0.01012 seconds=0.37
scene=1 RT=0.60 K=24 T20=0.6210 angle_delta=0.11787 H_delta=0.003519 seconds=0.46
scene=1 RT=0.60 K=32 T20=0.6211 angle_delta=0.031372 H_delta=0.0008828 seconds=0.75
scene=1 RT=0.60 K=40 T20=0.6211 angle_delta=0.0018781 H_delta=9.107e-05 seconds=1.81
reference scene=1 oversample=8 spectral=0.000107385 angle=0.0141173
reference scene=1 oversample=16 spectral=2.795e-05 angle=0.00358776
reference scene=1 oversample=32 spectral=1.02957e-05 angle=0.00174739
scene=1 independent reference passed; selected K=40
scene=2 RT=0.15 K=6 T20=0.1007 angle_delta=inf H_delta=inf seconds=0.25
scene=2 RT=0.15 K=10 T20=0.1007 angle_delta=9.4906e-05 H_delta=8.206e-05 seconds=0.16
scene=2 RT=0.15 K=14 T20=0.1007 angle_delta=1.7592e-06 H_delta=8.126e-07 seconds=0.19
reference scene=2 oversample=8 spectral=0.000116143 angle=3.3896e-05
reference scene=2 oversample=16 spectral=2.75441e-05 angle=1.47128e-05
reference scene=2 oversample=32 spectral=1.0681e-05 angle=2.19329e-05
scene=2 independent reference passed; selected K=14
scene=3 RT=0.60 K=6 T20=0.3985 angle_delta=inf H_delta=inf seconds=0.19
scene=3 RT=0.60 K=10 T20=0.5404 angle_delta=136.27 H_delta=0.1328 seconds=0.16
scene=3 RT=0.60 K=14 T20=0.5909 angle_delta=0.83178 H_delta=0.04502 seconds=0.19
scene=3 RT=0.60 K=18 T20=0.6024 angle_delta=0.14819 H_delta=0.01627 seconds=0.25
scene=3 RT=0.60 K=24 T20=0.6053 angle_delta=0.30346 H_delta=0.007655 seconds=0.39
scene=3 RT=0.60 K=32 T20=0.6056 angle_delta=0.016525 H_delta=0.001984 seconds=0.72
scene=3 RT=0.60 K=40 T20=0.6056 angle_delta=0.0051932 H_delta=0.0003638 seconds=1.23
scene=3 RT=0.60 K=48 T20=0.6056 angle_delta=0.00084494 H_delta=5.965e-05 seconds=1.97
reference scene=3 oversample=8 spectral=0.000120529 angle=0.00166977
reference scene=3 oversample=16 spectral=2.8256e-05 angle=0.000179137
reference scene=3 oversample=32 spectral=9.55445e-06 angle=2.60942e-05
scene=3 independent reference passed; selected K=48
scene=4 RT=0.15 K=6 T20=0.0884 angle_delta=inf H_delta=inf seconds=0.19
scene=4 RT=0.15 K=10 T20=0.0884 angle_delta=1.4306e-07 H_delta=3.39e-08 seconds=0.18
scene=4 RT=0.15 K=14 T20=0.0884 angle_delta=1.3841e-11 H_delta=3.445e-12 seconds=0.23
reference scene=4 oversample=8 spectral=6.8704e-05 angle=1.54575e-05
reference scene=4 oversample=16 spectral=2.6179e-05 angle=1.78577e-05
reference scene=4 oversample=32 spectral=1.0658e-05 angle=3.96371e-06
scene=4 independent reference passed; selected K=14
scene=5 RT=0.60 K=6 T20=0.5562 angle_delta=inf H_delta=inf seconds=0.17
scene=5 RT=0.60 K=10 T20=0.6250 angle_delta=0.77834 H_delta=0.07983 seconds=0.16
scene=5 RT=0.60 K=14 T20=0.6353 angle_delta=0.25215 H_delta=0.01971 seconds=0.19
scene=5 RT=0.60 K=18 T20=0.6363 angle_delta=0.13037 H_delta=0.005745 seconds=0.25
scene=5 RT=0.60 K=24 T20=0.6363 angle_delta=0.027406 H_delta=0.001514 seconds=0.37
scene=5 RT=0.60 K=32 T20=0.6363 angle_delta=0.0023079 H_delta=0.0002533 seconds=0.67
scene=5 RT=0.60 K=40 T20=0.6363 angle_delta=0.00058277 H_delta=2.282e-05 seconds=1.14
reference scene=5 oversample=8 spectral=0.000105514 angle=0.000551558
reference scene=5 oversample=16 spectral=2.73509e-05 angle=0.000120518
reference scene=5 oversample=32 spectral=1.00242e-05 angle=0.000115878
scene=5 independent reference passed; selected K=40
{
  "stage": "G2",
  "passed": true,
  "full_extent_reference": {
    "scene": 3,
    "extent": 48,
    "relative_spectrum_error": 3.194903789079444e-05,
    "angular_difference_deg": 0.001809298244126012,
    "path_counts": [
      2154641,
      2154638,
      2154631
    ]
  },
  "selected_main_extent": 48,
  "selected_path_duration_s": 0.9,
  "selected_oversample": 16,
  "selected_half_width": 32,
  "elapsed_seconds": 34.665195634000156
}
