sensitivity r0p0t0a00: 1600 rows
sensitivity r0p0t0a03: 1600 rows
sensitivity r0p0t0a06: 1600 rows
sensitivity r0p0t0a09: 1600 rows
sensitivity r0p1t2a00: 1600 rows
sensitivity r0p1t2a03: 1600 rows
sensitivity r0p1t2a06: 1600 rows
sensitivity r0p1t2a09: 1600 rows
sensitivity r1p0t0a00: 1600 rows
sensitivity r1p0t0a03: 1600 rows
sensitivity r1p0t0a06: 1600 rows
sensitivity r1p0t0a09: 1600 rows
sensitivity r1p1t2a00: 1600 rows
sensitivity r1p1t2a03: 1600 rows
sensitivity r1p1t2a06: 1600 rows
sensitivity r1p1t2a09: 1600 rows
sensitivity r2p0t0a00: 1600 rows
sensitivity r2p0t0a03: 1600 rows
sensitivity r2p0t0a06: 1600 rows
sensitivity r2p0t0a09: 1600 rows
sensitivity r2p1t2a00: 1600 rows
sensitivity r2p1t2a03: 1600 rows
sensitivity r2p1t2a06: 1600 rows
sensitivity r2p1t2a09: 1600 rows
correlation16 max 0.025930013766526372 above005 0
extent84 max 0.0 above005 0
propagation64 max 0.006964964438623156 above005 0
srp_grid005 max 0.00231030378347441 above005 0
