sensitivity r0p0t0a00: 1600 rows
sensitivity r0p0t0a03: 1600 rows
sensitivity r0p0t0a06: 1600 rows
sensitivity r0p0t0a09: 1600 rows
sensitivity r0p1t2a00: 1600 rows
sensitivity r0p1t2a03: 1600 rows
sensitivity r0p1t2a06: 1600 rows
sensitivity r0p1t2a09: 1600 rows
sensitivity r1p0t0a00: 1600 rows
sensitivity r1p0t0a03: 1600 rows
sensitivity r1p0t0a06: 1600 rows
sensitivity r1p0t0a09: 1600 rows
sensitivity r1p1t2a00: 1600 rows
sensitivity r1p1t2a03: 1600 rows
sensitivity r1p1t2a06: 1600 rows
sensitivity r1p1t2a09: 1600 rows
sensitivity r2p0t0a00: 1600 rows
sensitivity r2p0t0a03: 1600 rows
sensitivity r2p0t0a06: 1600 rows
sensitivity r2p0t0a09: 1600 rows
sensitivity r2p1t2a00: 1600 rows
sensitivity r2p1t2a03: 1600 rows
sensitivity r2p1t2a06: 1600 rows
sensitivity r2p1t2a09: 1600 rows
correlation16 max 0.013989703825785682 above005 0
extent56 max 0.004237967940127874 above005 0
propagation32 max 0.020475594841968814 above005 0
srp_grid005 max 0.003044885263591368 above005 0
