.........                                                                [100%]
9 passed in 2.73s
Analytical controls: 34560 angle/rate/geometry conditions.
Waveform controls done at 16000 Hz.
Waveform controls done at 48000 Hz.
Waveform controls done at 96000 Hz.
Waveform controls done at 192000 Hz.
{
  "stage": "G1",
  "analytic_conditions": 34560,
  "waveform_conditions": 288,
  "plane_max_abs_error_deg": 5.684341886080802e-14,
  "independent_reference_max_difference_deg": 7.247535904753022e-12,
  "audit_reproduction_max_difference_deg": 2.842170943040401e-14,
  "kernel_refinement": [
    {
      "half_width": 16,
      "cases": 96,
      "max_relative_waveform_l2": 4.695905635307182e-06,
      "max_abs_angular_difference_deg": 5.1513619212073536e-05
    },
    {
      "half_width": 32,
      "cases": 96,
      "max_relative_waveform_l2": 3.766334191461264e-06,
      "max_abs_angular_difference_deg": 3.6408084042705013e-05
    },
    {
      "half_width": 64,
      "cases": 96,
      "max_relative_waveform_l2": 3.402065027757253e-06,
      "max_abs_angular_difference_deg": 1.632815096286322e-05
    }
  ],
  "interp8_vs_64_max_difference_deg": 0.000494577778454186,
  "tolerance_deg": 0.05,
  "selected_half_width": 32,
  "config": {
    "fs": 48000,
    "samples": 2048,
    "band": [
      300.0,
      3400.0
    ],
    "interp": 8,
    "relative_floor": 0.001,
    "absolute_floor": 1e-12,
    "window": "symmetric_hann",
    "mean_remove": true,
    "parabolic": true,
    "sound_speed": 343.0
  },
  "source_hashes": {
    "__init__.py": "89b85f9384f241e599e0d87cd76819bd05088f5d75e7ab17269bc4aa4fd40801",
    "analysis.py": "51428b46c05966648f5bf23c2ff2a937a96bbfb3c0f5e4e8a3665dbd25c18334",
    "campaign.py": "8d026ea31beeb95f21d14cfdb426b8183c4585f70802d2d40f2fcaa72672733b",
    "common.py": "be4316a050f643bf23a280aaaf72a73a95fad25e95fe5be7557b261ebae4ea7a",
    "document_tables.py": "e4c9cf04edb6d9e6abe1f5213d8f43d8d95f98575b9de9d4be348177cbcd49b1",
    "estimator.py": "d266426ed1cdfa3811ea9da6dd8042e6d68c0b6836573504034e54f0b7ed1633",
    "figures.py": "c737b0efec180c0166a946b9ebcd52564f6a85f5239d5000b60782f3d4139052",
    "joint_refinement.py": "76137d0af5d03391dc6cdfa310c2ced3013fca02d8aa9019ba26d058d0f35bc8",
    "package.py": "4b90cf99eb1a5c616e90ac381b1cde4d08b76cd97da789aed3f85e964d8846d1",
    "pilot.py": "0b8cb2053bd18cfcfc343ad138ad510d2262ae33e38c8255e080bd1a6bc43542",
    "precision.py": "385e912614380d98ff9706375ab00cb51d05c846ee44ab93577d0e1391686a57",
    "protocol.py": "664420010b38df1794f74e8f0ae425550da69f7cbc62af3a157cdf4d7b55562c",
    "recording.py": "263f38acd689b30f72700eb60179cbcceed6351bff95f1300214c4b1dc10d51c",
    "reference.py": "920b0baffa7f0e14a043acfc6d4ef032c86816b564567f7f2c602eb1ef54abae",
    "reference_room.py": "d6b48f42daa37bc1acfb313386f786eeec105c1e2419503d4c9a5d022b93c62e",
    "reproduce.py": "2701332bf76f24f043410e7eab8405d26f576f8cdd421b282244e6dd73bc025c",
    "room.py": "e45f3243f8e62d2cc10ec4f802d1bd9a6dba86ad3dc22b5fb970ecb958208714",
    "sensitivity.py": "aa4c335acacc284dbb2e3a22b4cd08c0348df3ca4bd9f0fe49468dfacfed1eaf",
    "signals.py": "b9683dfdee0a82151b7ea9cb81afc37252fba545a5a15f2db1551196dcfcea4d",
    "srp.py": "31433031565e13e7f51effd51eabd84729d66c97da7ac14baabe72e40182d00e",
    "test_direct.py": "37c770c287b3648dcc56d5dce11866ccbaa90a101e82aec73c4d7230fd02bace",
    "test_room.py": "6c06dbf4ddf8d9d0bdde2a6dcab8936a5b0bf6dc77fc75d5d8fac742e03d6919",
    "test_srp.py": "5784f2840e222a0e5d1d435d42bbed9659903785077634c140294576287aa1ba",
    "verify_direct.py": "1fdd6f0334bfad7528a6ea1979a85d8c975638fdb4bb7380fc979a74751d7b47",
    "verify_revision.py": "b6cb92e79168e7ca1e85c303ff80e79c240edfa8e33d9b8dd7927e2524e3fc74",
    "verify_room.py": "e202145a8da16172624aded038b14b1429aa0c978d7d3aefab6ecb9b1eb99bcb",
    "workflow.py": "f7a160b98128b558396c806fe5ba32cc527c2b3a10fde713f899c2211cc04095"
  },
  "elapsed_seconds": 20.953892466999605,
  "passed": true
}
{
  "status": "corrective pre-campaign numerical review",
  "settings": "K76/T1.2/P32 -> K96/T1.5/P32 with paired inputs and enough history for both",
  "scenes": [
    {
      "scene_id": "r0p1t2a00",
      "relative_spectrum_change": 3.899375236007596e-05,
      "relative_t20_change": 6.827677956344758e-08,
      "max_angle_change_deg": 0.006397560549629588,
      "frames_above_005": 0,
      "mse_change_deg2": 0.002022921648299767,
      "refined_path_counts": [
        6338625,
        6338597,
        6338616
      ],
      "frames": 160
    },
    {
      "scene_id": "r0p1t2a06",
      "relative_spectrum_change": 4.137586640812244e-05,
      "relative_t20_change": 8.128080286606831e-08,
      "max_angle_change_deg": 0.005845760758148799,
      "frames_above_005": 0,
      "mse_change_deg2": -0.009297338379538177,
      "refined_path_counts": [
        6338494,
        6338567,
        6338462
      ],
      "frames": 160
    },
    {
      "scene_id": "r1p1t2a00",
      "relative_spectrum_change": 3.4325282856437085e-05,
      "relative_t20_change": 5.2153164231683036e-08,
      "max_angle_change_deg": 0.01272624774927067,
      "frames_above_005": 0,
      "mse_change_deg2": -0.016877400588521684,
      "refined_path_counts": [
        10187687,
        10187595,
        10187662
      ],
      "frames": 160
    },
    {
      "scene_id": "r1p1t2a06",
      "relative_spectrum_change": 3.086979661237431e-05,
      "relative_t20_change": 5.0814244589858504e-08,
      "max_angle_change_deg": 0.007498269023585635,
      "frames_above_005": 0,
      "mse_change_deg2": -0.012852438740925853,
      "refined_path_counts": [
        10187237,
        10187392,
        10187309
      ],
      "frames": 160
    },
    {
      "scene_id": "r2p1t2a00",
      "relative_spectrum_change": 7.044510741065843e-05,
      "relative_t20_change": 3.1490134866363206e-07,
      "max_angle_change_deg": 0.006188153241907912,
      "frames_above_005": 0,
      "mse_change_deg2": -0.0018604439112456209,
      "refined_path_counts": [
        3714021,
        3714057,
        3714042
      ],
      "frames": 160
    },
    {
      "scene_id": "r2p1t2a06",
      "relative_spectrum_change": 5.9356241016369005e-05,
      "relative_t20_change": 2.955260282044847e-07,
      "max_angle_change_deg": 0.0053853714156844035,
      "frames_above_005": 0,
      "mse_change_deg2": 0.004299874609288513,
      "refined_path_counts": [
        3714154,
        3714152,
        3714071
      ],
      "frames": 160
    }
  ],
  "elapsed_seconds": 30.257665130000532,
  "passed": true,
  "source_hashes": {
    "__init__.py": "89b85f9384f241e599e0d87cd76819bd05088f5d75e7ab17269bc4aa4fd40801",
    "analysis.py": "51428b46c05966648f5bf23c2ff2a937a96bbfb3c0f5e4e8a3665dbd25c18334",
    "campaign.py": "8d026ea31beeb95f21d14cfdb426b8183c4585f70802d2d40f2fcaa72672733b",
    "common.py": "be4316a050f643bf23a280aaaf72a73a95fad25e95fe5be7557b261ebae4ea7a",
    "document_tables.py": "e4c9cf04edb6d9e6abe1f5213d8f43d8d95f98575b9de9d4be348177cbcd49b1",
    "estimator.py": "d266426ed1cdfa3811ea9da6dd8042e6d68c0b6836573504034e54f0b7ed1633",
    "figures.py": "c737b0efec180c0166a946b9ebcd52564f6a85f5239d5000b60782f3d4139052",
    "joint_refinement.py": "76137d0af5d03391dc6cdfa310c2ced3013fca02d8aa9019ba26d058d0f35bc8",
    "package.py": "4b90cf99eb1a5c616e90ac381b1cde4d08b76cd97da789aed3f85e964d8846d1",
    "pilot.py": "0b8cb2053bd18cfcfc343ad138ad510d2262ae33e38c8255e080bd1a6bc43542",
    "precision.py": "385e912614380d98ff9706375ab00cb51d05c846ee44ab93577d0e1391686a57",
    "protocol.py": "664420010b38df1794f74e8f0ae425550da69f7cbc62af3a157cdf4d7b55562c",
    "recording.py": "263f38acd689b30f72700eb60179cbcceed6351bff95f1300214c4b1dc10d51c",
    "reference.py": "920b0baffa7f0e14a043acfc6d4ef032c86816b564567f7f2c602eb1ef54abae",
    "reference_room.py": "d6b48f42daa37bc1acfb313386f786eeec105c1e2419503d4c9a5d022b93c62e",
    "reproduce.py": "2701332bf76f24f043410e7eab8405d26f576f8cdd421b282244e6dd73bc025c",
    "room.py": "e45f3243f8e62d2cc10ec4f802d1bd9a6dba86ad3dc22b5fb970ecb958208714",
    "sensitivity.py": "aa4c335acacc284dbb2e3a22b4cd08c0348df3ca4bd9f0fe49468dfacfed1eaf",
    "signals.py": "b9683dfdee0a82151b7ea9cb81afc37252fba545a5a15f2db1551196dcfcea4d",
    "srp.py": "31433031565e13e7f51effd51eabd84729d66c97da7ac14baabe72e40182d00e",
    "test_direct.py": "37c770c287b3648dcc56d5dce11866ccbaa90a101e82aec73c4d7230fd02bace",
    "test_room.py": "6c06dbf4ddf8d9d0bdde2a6dcab8936a5b0bf6dc77fc75d5d8fac742e03d6919",
    "test_srp.py": "5784f2840e222a0e5d1d435d42bbed9659903785077634c140294576287aa1ba",
    "verify_direct.py": "1fdd6f0334bfad7528a6ea1979a85d8c975638fdb4bb7380fc979a74751d7b47",
    "verify_revision.py": "b6cb92e79168e7ca1e85c303ff80e79c240edfa8e33d9b8dd7927e2524e3fc74",
    "verify_room.py": "e202145a8da16172624aded038b14b1429aa0c978d7d3aefab6ecb9b1eb99bcb",
    "workflow.py": "f7a160b98128b558396c806fe5ba32cc527c2b3a10fde713f899c2211cc04095"
  }
}
{
  "passed": true,
  "settings": {
    "dimensions": [
      5.0,
      4.0,
      2.8
    ],
    "array_fraction": [
      0.6,
      0.45,
      0.5
    ],
    "nominal_rt60": 0.6,
    "theta_deg": 7.37,
    "distance_m": 1.5,
    "radius_m": 0.05,
    "rotation_deg": 0.0,
    "fs": 48000,
    "image_extent": 76,
    "path_duration_s": 1.2,
    "oversample": 32,
    "half_width": 32,
    "arrival_mode": "fractional",
    "reflections": true,
    "absorption_multipliers": [
      1.0,
      1.0,
      1.0,
      1.0,
      1.0,
      1.0
    ],
    "non_equilateral": false
  },
  "safe_pruning_checks": [
    {
      "scene_id": "r0p0t0a00",
      "identical_response": true,
      "identical_path_counts": true
    },
    {
      "scene_id": "r0p1t2a00",
      "identical_response": true,
      "identical_path_counts": true
    },
    {
      "scene_id": "r1p0t0a00",
      "identical_response": true,
      "identical_path_counts": true
    },
    {
      "scene_id": "r1p1t2a00",
      "identical_response": true,
      "identical_path_counts": true
    },
    {
      "scene_id": "r2p0t0a00",
      "identical_response": true,
      "identical_path_counts": true
    },
    {
      "scene_id": "r2p1t2a00",
      "identical_response": true,
      "identical_path_counts": true
    }
  ],
  "independent_full_reference": {
    "path_counts": [
      5215621,
      5215553,
      5215518
    ],
    "relative_spectrum_error": 1.1298071908235994e-05,
    "angular_difference_deg": 0.0008073544532862797
  },
  "joint_duration_check_max_angle_deg": 0.01272624774927067,
  "elapsed_seconds": 52.17651799900159,
  "source_hashes": {
    "__init__.py": "89b85f9384f241e599e0d87cd76819bd05088f5d75e7ab17269bc4aa4fd40801",
    "analysis.py": "51428b46c05966648f5bf23c2ff2a937a96bbfb3c0f5e4e8a3665dbd25c18334",
    "campaign.py": "8d026ea31beeb95f21d14cfdb426b8183c4585f70802d2d40f2fcaa72672733b",
    "common.py": "be4316a050f643bf23a280aaaf72a73a95fad25e95fe5be7557b261ebae4ea7a",
    "document_tables.py": "e4c9cf04edb6d9e6abe1f5213d8f43d8d95f98575b9de9d4be348177cbcd49b1",
    "estimator.py": "d266426ed1cdfa3811ea9da6dd8042e6d68c0b6836573504034e54f0b7ed1633",
    "figures.py": "c737b0efec180c0166a946b9ebcd52564f6a85f5239d5000b60782f3d4139052",
    "joint_refinement.py": "76137d0af5d03391dc6cdfa310c2ced3013fca02d8aa9019ba26d058d0f35bc8",
    "package.py": "4b90cf99eb1a5c616e90ac381b1cde4d08b76cd97da789aed3f85e964d8846d1",
    "pilot.py": "0b8cb2053bd18cfcfc343ad138ad510d2262ae33e38c8255e080bd1a6bc43542",
    "precision.py": "385e912614380d98ff9706375ab00cb51d05c846ee44ab93577d0e1391686a57",
    "protocol.py": "664420010b38df1794f74e8f0ae425550da69f7cbc62af3a157cdf4d7b55562c",
    "recording.py": "263f38acd689b30f72700eb60179cbcceed6351bff95f1300214c4b1dc10d51c",
    "reference.py": "920b0baffa7f0e14a043acfc6d4ef032c86816b564567f7f2c602eb1ef54abae",
    "reference_room.py": "d6b48f42daa37bc1acfb313386f786eeec105c1e2419503d4c9a5d022b93c62e",
    "reproduce.py": "2701332bf76f24f043410e7eab8405d26f576f8cdd421b282244e6dd73bc025c",
    "room.py": "e45f3243f8e62d2cc10ec4f802d1bd9a6dba86ad3dc22b5fb970ecb958208714",
    "sensitivity.py": "aa4c335acacc284dbb2e3a22b4cd08c0348df3ca4bd9f0fe49468dfacfed1eaf",
    "signals.py": "b9683dfdee0a82151b7ea9cb81afc37252fba545a5a15f2db1551196dcfcea4d",
    "srp.py": "31433031565e13e7f51effd51eabd84729d66c97da7ac14baabe72e40182d00e",
    "test_direct.py": "37c770c287b3648dcc56d5dce11866ccbaa90a101e82aec73c4d7230fd02bace",
    "test_room.py": "6c06dbf4ddf8d9d0bdde2a6dcab8936a5b0bf6dc77fc75d5d8fac742e03d6919",
    "test_srp.py": "5784f2840e222a0e5d1d435d42bbed9659903785077634c140294576287aa1ba",
    "verify_direct.py": "1fdd6f0334bfad7528a6ea1979a85d8c975638fdb4bb7380fc979a74751d7b47",
    "verify_revision.py": "b6cb92e79168e7ca1e85c303ff80e79c240edfa8e33d9b8dd7927e2524e3fc74",
    "verify_room.py": "e202145a8da16172624aded038b14b1429aa0c978d7d3aefab6ecb9b1eb99bcb",
    "workflow.py": "f7a160b98128b558396c806fe5ba32cc527c2b3a10fde713f899c2211cc04095"
  }
}
{
  "passed": true,
  "bootstrap_draws": 2000,
  "core_groups": 27,
  "attribution_scenes": 72,
  "prediction_eligible_scenes": 49,
  "sensitivity_base_equals_core": true,
  "decay_t20_range_s": [
    0.08340462758678147,
    0.6829216414786592
  ],
  "interpretation": "Bootstrap intervals condition on the fixed scenes; records are resampled jointly across paired variants. Pooled circular bias is descriptive and may conceal opposite scene biases."
}
Six main figures and one supplement figure saved as PDF, SVG and PNG.
{
  "scope": "Representative reproduction, not a second full revised campaign",
  "main_frames": 8640,
  "scenes": [
    {
      "scene_id": "r0p0t0a00",
      "frames": 2880,
      "max_angular_difference_deg": 0.0
    },
    {
      "scene_id": "r1p1t2a00",
      "frames": 2880,
      "max_angular_difference_deg": 0.0
    },
    {
      "scene_id": "r2p1t2a06",
      "frames": 2880,
      "max_angular_difference_deg": 0.0
    }
  ],
  "reference_runs": [
    "full direct controls",
    "joint 1.2 vs 1.5 s check",
    "independent final full-extent room reference and pruning regression"
  ],
  "passed": true,
  "figure_pngs_identical": [
    "fig5_heldout_averaging.png",
    "fig3_core_rooms.png",
    "fig2_numerical_verification.png",
    "fig6_precision_sensitivity.png",
    "fig1_geometry_controls.png",
    "fig4_paired_attribution.png"
  ],
  "elapsed_seconds": 154.66136667300088,
  "python": "3.12.14 (main, Aug 25 2026, 14:00:49) [Clang 22.1.3 ]"
}
