Collecting contourpy==1.3.3 (from -r paper/direction_a_preprint/environment/requirements-lock.txt (line 1))
  Using cached contourpy-1.3.3-cp312-cp312-manylinux_2_27_x86_64.manylinux_2_28_x86_64.whl.metadata (5.5 kB)
Collecting cycler==0.12.1 (from -r paper/direction_a_preprint/environment/requirements-lock.txt (line 2))
  Using cached cycler-0.12.1-py3-none-any.whl.metadata (3.8 kB)
Collecting fonttools==4.64.0 (from -r paper/direction_a_preprint/environment/requirements-lock.txt (line 3))
  Using cached fonttools-4.64.0-cp312-cp312-manylinux2014_x86_64.manylinux_2_17_x86_64.whl.metadata (123 kB)
Collecting iniconfig==2.3.0 (from -r paper/direction_a_preprint/environment/requirements-lock.txt (line 4))
  Using cached iniconfig-2.3.0-py3-none-any.whl.metadata (2.5 kB)
Collecting kiwisolver==1.5.1 (from -r paper/direction_a_preprint/environment/requirements-lock.txt (line 5))
  Using cached kiwisolver-1.5.1-cp312-cp312-manylinux2014_x86_64.manylinux_2_17_x86_64.whl.metadata (5.2 kB)
Collecting matplotlib==3.10.8 (from -r paper/direction_a_preprint/environment/requirements-lock.txt (line 6))
  Using cached matplotlib-3.10.8-cp312-cp312-manylinux2014_x86_64.manylinux_2_17_x86_64.whl.metadata (52 kB)
Collecting numpy==2.3.5 (from -r paper/direction_a_preprint/environment/requirements-lock.txt (line 7))
  Using cached numpy-2.3.5-cp312-cp312-manylinux_2_27_x86_64.manylinux_2_28_x86_64.whl.metadata (62 kB)
Collecting packaging==26.3 (from -r paper/direction_a_preprint/environment/requirements-lock.txt (line 8))
  Using cached packaging-26.3-py3-none-any.whl.metadata (3.5 kB)
Collecting pillow==12.3.0 (from -r paper/direction_a_preprint/environment/requirements-lock.txt (line 9))
  Using cached pillow-12.3.0-cp312-cp312-manylinux_2_27_x86_64.manylinux_2_28_x86_64.whl.metadata (9.1 kB)
Collecting pluggy==1.6.0 (from -r paper/direction_a_preprint/environment/requirements-lock.txt (line 10))
  Using cached pluggy-1.6.0-py3-none-any.whl.metadata (4.8 kB)
Collecting Pygments==2.21.0 (from -r paper/direction_a_preprint/environment/requirements-lock.txt (line 11))
  Using cached pygments-2.21.0-py3-none-any.whl.metadata (2.5 kB)
Collecting pyparsing==3.3.2 (from -r paper/direction_a_preprint/environment/requirements-lock.txt (line 12))
  Using cached pyparsing-3.3.2-py3-none-any.whl.metadata (5.8 kB)
Collecting pytest==9.0.2 (from -r paper/direction_a_preprint/environment/requirements-lock.txt (line 13))
  Using cached pytest-9.0.2-py3-none-any.whl.metadata (7.6 kB)
Collecting python-dateutil==2.9.0.post0 (from -r paper/direction_a_preprint/environment/requirements-lock.txt (line 14))
  Using cached python_dateutil-2.9.0.post0-py2.py3-none-any.whl.metadata (8.4 kB)
Collecting scipy==1.17.1 (from -r paper/direction_a_preprint/environment/requirements-lock.txt (line 15))
  Using cached scipy-1.17.1-cp312-cp312-manylinux_2_27_x86_64.manylinux_2_28_x86_64.whl.metadata (62 kB)
Collecting six==1.17.0 (from -r paper/direction_a_preprint/environment/requirements-lock.txt (line 16))
  Using cached six-1.17.0-py2.py3-none-any.whl.metadata (1.7 kB)
Using cached contourpy-1.3.3-cp312-cp312-manylinux_2_27_x86_64.manylinux_2_28_x86_64.whl (362 kB)
Using cached cycler-0.12.1-py3-none-any.whl (8.3 kB)
Using cached fonttools-4.64.0-cp312-cp312-manylinux2014_x86_64.manylinux_2_17_x86_64.whl (5.4 MB)
Using cached iniconfig-2.3.0-py3-none-any.whl (7.5 kB)
Using cached kiwisolver-1.5.1-cp312-cp312-manylinux2014_x86_64.manylinux_2_17_x86_64.whl (1.5 MB)
Using cached matplotlib-3.10.8-cp312-cp312-manylinux2014_x86_64.manylinux_2_17_x86_64.whl (8.7 MB)
Using cached numpy-2.3.5-cp312-cp312-manylinux_2_27_x86_64.manylinux_2_28_x86_64.whl (16.6 MB)
Using cached packaging-26.3-py3-none-any.whl (129 kB)
Using cached pillow-12.3.0-cp312-cp312-manylinux_2_27_x86_64.manylinux_2_28_x86_64.whl (6.9 MB)
Using cached pluggy-1.6.0-py3-none-any.whl (20 kB)
Using cached pygments-2.21.0-py3-none-any.whl (1.3 MB)
Using cached pyparsing-3.3.2-py3-none-any.whl (122 kB)
Using cached pytest-9.0.2-py3-none-any.whl (374 kB)
Using cached python_dateutil-2.9.0.post0-py2.py3-none-any.whl (229 kB)
Using cached scipy-1.17.1-cp312-cp312-manylinux_2_27_x86_64.manylinux_2_28_x86_64.whl (35.2 MB)
Using cached six-1.17.0-py2.py3-none-any.whl (11 kB)
Installing collected packages: six, pyparsing, Pygments, pluggy, pillow, packaging, numpy, kiwisolver, iniconfig, fonttools, cycler, scipy, python-dateutil, pytest, contourpy, matplotlib
Successfully installed Pygments-2.21.0 contourpy-1.3.3 cycler-0.12.1 fonttools-4.64.0 iniconfig-2.3.0 kiwisolver-1.5.1 matplotlib-3.10.8 numpy-2.3.5 packaging-26.3 pillow-12.3.0 pluggy-1.6.0 pyparsing-3.3.2 pytest-9.0.2 python-dateutil-2.9.0.post0 scipy-1.17.1 six-1.17.0

[notice] A new release of pip is available: 25.0.1 -> 26.2.1
[notice] To update, run: /home/ani/Desktop/sound_local/paper/direction_a_preprint/reproduction_workspace/clean_env/bin/python -m pip install --upgrade pip
