{
  "status": "corrective pre-campaign numerical review",
  "settings": "K76/T1.2/P32 -> K96/T1.5/P32 with paired inputs and enough history for both",
  "scenes": [
    {
      "scene_id": "r0p1t2a00",
      "relative_spectrum_change": 3.899375236007596e-05,
      "relative_t20_change": 6.827677956344758e-08,
      "max_angle_change_deg": 0.006397560549629588,
      "frames_above_005": 0,
      "mse_change_deg2": 0.002022921648299767,
      "refined_path_counts": [
        6338625,
        6338597,
        6338616
      ],
      "frames": 160
    },
    {
      "scene_id": "r0p1t2a06",
      "relative_spectrum_change": 4.137586640812244e-05,
      "relative_t20_change": 8.128080286606831e-08,
      "max_angle_change_deg": 0.005845760758148799,
      "frames_above_005": 0,
      "mse_change_deg2": -0.009297338379538177,
      "refined_path_counts": [
        6338494,
        6338567,
        6338462
      ],
      "frames": 160
    },
    {
      "scene_id": "r1p1t2a00",
      "relative_spectrum_change": 3.4325282856437085e-05,
      "relative_t20_change": 5.2153164231683036e-08,
      "max_angle_change_deg": 0.01272624774927067,
      "frames_above_005": 0,
      "mse_change_deg2": -0.016877400588521684,
      "refined_path_counts": [
        10187687,
        10187595,
        10187662
      ],
      "frames": 160
    },
    {
      "scene_id": "r1p1t2a06",
      "relative_spectrum_change": 3.086979661237431e-05,
      "relative_t20_change": 5.0814244589858504e-08,
      "max_angle_change_deg": 0.007498269023585635,
      "frames_above_005": 0,
      "mse_change_deg2": -0.012852438740925853,
      "refined_path_counts": [
        10187237,
        10187392,
        10187309
      ],
      "frames": 160
    },
    {
      "scene_id": "r2p1t2a00",
      "relative_spectrum_change": 7.044510741065843e-05,
      "relative_t20_change": 3.1490134866363206e-07,
      "max_angle_change_deg": 0.006188153241907912,
      "frames_above_005": 0,
      "mse_change_deg2": -0.0018604439112456209,
      "refined_path_counts": [
        3714021,
        3714057,
        3714042
      ],
      "frames": 160
    },
    {
      "scene_id": "r2p1t2a06",
      "relative_spectrum_change": 5.9356241016369005e-05,
      "relative_t20_change": 2.955260282044847e-07,
      "max_angle_change_deg": 0.0053853714156844035,
      "frames_above_005": 0,
      "mse_change_deg2": 0.004299874609288513,
      "refined_path_counts": [
        3714154,
        3714152,
        3714071
      ],
      "frames": 160
    }
  ],
  "elapsed_seconds": 29.74317945599978,
  "passed": true,
  "source_hashes": {
    "__init__.py": "89b85f9384f241e599e0d87cd76819bd05088f5d75e7ab17269bc4aa4fd40801",
    "analysis.py": "51428b46c05966648f5bf23c2ff2a937a96bbfb3c0f5e4e8a3665dbd25c18334",
    "campaign.py": "c10f20c0dd197b45b756be9ceb15c7b5e05d0c1dd8573372617fcd99f61e30db",
    "common.py": "be4316a050f643bf23a280aaaf72a73a95fad25e95fe5be7557b261ebae4ea7a",
    "estimator.py": "d266426ed1cdfa3811ea9da6dd8042e6d68c0b6836573504034e54f0b7ed1633",
    "figures.py": "346abf55758cde7638a1b27579ebc5f48f569a1936961c42884d244eadfed6d8",
    "joint_refinement.py": "76137d0af5d03391dc6cdfa310c2ced3013fca02d8aa9019ba26d058d0f35bc8",
    "pilot.py": "fb9be4a62fa5175082457e677fc0e2dc969ca59d9b012469265fdcdb1b2b0c68",
    "precision.py": "385e912614380d98ff9706375ab00cb51d05c846ee44ab93577d0e1391686a57",
    "protocol.py": "07c1040cc7b3a86f398174957a715bc5a1bf0dcea0986f53b0943bd9e0916001",
    "recording.py": "263f38acd689b30f72700eb60179cbcceed6351bff95f1300214c4b1dc10d51c",
    "reference.py": "920b0baffa7f0e14a043acfc6d4ef032c86816b564567f7f2c602eb1ef54abae",
    "reference_room.py": "d6b48f42daa37bc1acfb313386f786eeec105c1e2419503d4c9a5d022b93c62e",
    "room.py": "e45f3243f8e62d2cc10ec4f802d1bd9a6dba86ad3dc22b5fb970ecb958208714",
    "sensitivity.py": "7b57dc3b157945824192a8bd538b992495d5549cac067aeb6d153064a5548d6d",
    "signals.py": "b9683dfdee0a82151b7ea9cb81afc37252fba545a5a15f2db1551196dcfcea4d",
    "srp.py": "31433031565e13e7f51effd51eabd84729d66c97da7ac14baabe72e40182d00e",
    "test_direct.py": "37c770c287b3648dcc56d5dce11866ccbaa90a101e82aec73c4d7230fd02bace",
    "test_room.py": "6c06dbf4ddf8d9d0bdde2a6dcab8936a5b0bf6dc77fc75d5d8fac742e03d6919",
    "test_srp.py": "5784f2840e222a0e5d1d435d42bbed9659903785077634c140294576287aa1ba",
    "verify_direct.py": "1fdd6f0334bfad7528a6ea1979a85d8c975638fdb4bb7380fc979a74751d7b47",
    "verify_room.py": "e202145a8da16172624aded038b14b1429aa0c978d7d3aefab6ecb9b1eb99bcb",
    "workflow.py": "f7a160b98128b558396c806fe5ba32cc527c2b3a10fde713f899c2211cc04095"
  }
}
