note: Running TeX ...
warning: lineno.sty:296: Invalid UTF-8 byte or sequence at line 296 replaced by U+FFFD.
note: downloading flushend.sty
warning: main.tex:41: Underfull \hbox (badness 2538) in paragraph at lines 40--41
warning: main.tex:43: Underfull \vbox (badness 10000) has occurred while \output is active
warning: main.tex:49: Underfull \vbox (badness 10000) has occurred while \output is active
warning: main.tex:98: Underfull \hbox (badness 3514) in paragraph at lines 97--98
warning: main.tex:98: Underfull \hbox (badness 1210) in paragraph at lines 97--98
warning: main.tex:104: Underfull \hbox (badness 4120) in paragraph at lines 103--104
warning: main.tex:126: Underfull \hbox (badness 10000) in paragraph at lines 125--126
warning: main.tex:126: Underfull \hbox (badness 1742) in paragraph at lines 125--126
warning: main.tex:143: Underfull \vbox (badness 5637) has occurred while \output is active
warning: main.tex:186: Underfull \hbox (badness 6944) in paragraph at lines 185--186
warning: main.tex:206: Underfull \hbox (badness 10000) in paragraph at lines 206--206
warning: main.tex:223: Underfull \hbox (badness 1163) in paragraph at lines 222--223
warning: main.tex:223: Underfull \hbox (badness 1019) in paragraph at lines 222--223
warning: main.tex:223: Underfull \vbox (badness 10000) has occurred while \output is active
warning: main.tex:240: Underfull \vbox (badness 10000) has occurred while \output is active
warning: main.tex:243: Underfull \hbox (badness 1584) in paragraph at lines 242--243
warning: main.tex:252: Underfull \vbox (badness 10000) has occurred while \output is active
warning: main.bbl:22: Underfull \vbox (badness 10000) has occurred while \output is active
warning: main.bbl:45: Underfull \hbox (badness 1122) in paragraph at lines 39--45
warning: main.bbl:66: Underfull \hbox (badness 2600) in paragraph at lines 61--66
warning: main.bbl:66: Underfull \hbox (badness 1668) in paragraph at lines 61--66
note: Running BibTeX on main.aux ...
note: Rerunning TeX because bibtex was run ...
warning: lineno.sty:296: Invalid UTF-8 byte or sequence at line 296 replaced by U+FFFD.
warning: main.tex:41: Underfull \hbox (badness 2538) in paragraph at lines 40--41
warning: main.tex:43: Underfull \vbox (badness 10000) has occurred while \output is active
warning: main.tex:49: Underfull \vbox (badness 10000) has occurred while \output is active
warning: main.tex:98: Underfull \hbox (badness 3514) in paragraph at lines 97--98
warning: main.tex:98: Underfull \hbox (badness 1210) in paragraph at lines 97--98
warning: main.tex:104: Underfull \hbox (badness 4120) in paragraph at lines 103--104
warning: main.tex:126: Underfull \hbox (badness 10000) in paragraph at lines 125--126
warning: main.tex:126: Underfull \hbox (badness 1742) in paragraph at lines 125--126
warning: main.tex:143: Underfull \vbox (badness 5637) has occurred while \output is active
warning: main.tex:186: Underfull \hbox (badness 6944) in paragraph at lines 185--186
warning: main.tex:206: Underfull \hbox (badness 10000) in paragraph at lines 206--206
warning: main.tex:223: Underfull \hbox (badness 1163) in paragraph at lines 222--223
warning: main.tex:223: Underfull \hbox (badness 1019) in paragraph at lines 222--223
warning: main.tex:223: Underfull \vbox (badness 10000) has occurred while \output is active
warning: main.tex:240: Underfull \vbox (badness 10000) has occurred while \output is active
warning: main.tex:243: Underfull \hbox (badness 1584) in paragraph at lines 242--243
warning: main.tex:252: Underfull \vbox (badness 10000) has occurred while \output is active
warning: main.bbl:22: Underfull \vbox (badness 10000) has occurred while \output is active
warning: main.bbl:45: Underfull \hbox (badness 1122) in paragraph at lines 39--45
warning: main.bbl:66: Underfull \hbox (badness 2600) in paragraph at lines 61--66
warning: main.bbl:66: Underfull \hbox (badness 1668) in paragraph at lines 61--66
warning: warnings were issued by the TeX engine; use --print and/or --keep-logs for details.
note: Running xdvipdfmx ...
note: Writing `main.blg` (194 B)
note: Writing `main.log` (19.3828125 KiB)
note: Writing `main.pdf` (241.61328125 KiB)
note: Skipped writing 3 intermediate files (use --keep-intermediates to keep them)
